// Jest Snapshot v1, https://goo.gl/fbAQLP

exports[`MatchedText normal 1`] = `<p class="is-text-truncated"><mark>lorem</mark> ipsum</p>`;
