// Jest Snapshot v1, https://goo.gl/fbAQLP

exports[`NavBar normal 1`] = `
<nav class="navbar is-transparent">
  <div class="container">
    <div class="navbar-brand">
      <!----> <a href="#" aria-label="Menu" class="navbar-burger has-text-white"><span aria-hidden="true"></span> <span aria-hidden="true"></span> <span aria-hidden="true"></span></a></div>
    <div class="navbar-menu is-relative">
      <div class="navbar-end">
        <div class="navbar-item">
          <div class="control has-icons-right"><label for="search-form-input" class="is-sr-only">Search</label> <input id="search-form-input" type="search" placeholder="Search..." autocomplete="off" class="input is-small search"> <span class="icon is-small is-right"><svg xmlns="http://www.w3.org/2000/svg" width="24px" height="24px" viewBox="0 0 24 24" fill="none" stroke="currentColor" stroke-width="2" stroke-linecap="round" stroke-linejoin="round" class="feather feather-search"><circle cx="11" cy="11" r="8"></circle><line x1="21" y1="21" x2="16.65" y2="16.65"></line></svg></span></div>
          <!---->
        </div> <a href="/rss" class="navbar-item has-text-white-ter"><span class="icon"><svg xmlns="http://www.w3.org/2000/svg" width="24px" height="24px" viewBox="0 0 24 24" fill="none" stroke="currentColor" stroke-width="2" stroke-linecap="round" stroke-linejoin="round" class="feather feather-rss"><path d="M4 11a9 9 0 0 1 9 9"></path><path d="M4 4a16 16 0 0 1 16 16"></path><circle cx="5" cy="19" r="1"></circle></svg></span> <span class="is-sr-only">RSS</span></a>
      </div>
    </div>
  </div>
</nav>
`;

exports[`NavBar with home button 1`] = `
<nav class="navbar is-transparent">
  <div class="container">
    <div class="navbar-brand">
      <div class="navbar-brand"><a class="navbar-item has-text-white-bis">
          title
        </a></div> <a href="#" aria-label="Menu" class="navbar-burger has-text-white"><span aria-hidden="true"></span> <span aria-hidden="true"></span> <span aria-hidden="true"></span></a>
    </div>
    <div class="navbar-menu is-relative">
      <div class="navbar-end">
        <div class="navbar-item">
          <div class="control has-icons-right"><label for="search-form-input" class="is-sr-only">Search</label> <input id="search-form-input" type="search" placeholder="Search..." autocomplete="off" class="input is-small search"> <span class="icon is-small is-right"><svg xmlns="http://www.w3.org/2000/svg" width="24px" height="24px" viewBox="0 0 24 24" fill="none" stroke="currentColor" stroke-width="2" stroke-linecap="round" stroke-linejoin="round" class="feather feather-search"><circle cx="11" cy="11" r="8"></circle><line x1="21" y1="21" x2="16.65" y2="16.65"></line></svg></span></div>
          <!---->
        </div> <a href="/rss" class="navbar-item has-text-white-ter"><span class="icon"><svg xmlns="http://www.w3.org/2000/svg" width="24px" height="24px" viewBox="0 0 24 24" fill="none" stroke="currentColor" stroke-width="2" stroke-linecap="round" stroke-linejoin="round" class="feather feather-rss"><path d="M4 11a9 9 0 0 1 9 9"></path><path d="M4 4a16 16 0 0 1 16 16"></path><circle cx="5" cy="19" r="1"></circle></svg></span> <span class="is-sr-only">RSS</span></a>
      </div>
    </div>
  </div>
</nav>
`;
